../Src/Lora.c:54:6:Load_Data	4	static
../Src/Lora.c:75:9:Lora_ReadLine	40	static
../Src/Lora.c:96:6:Lora_FlushRx	24	static
../Src/Lora.c:106:9:ResponseOK	24	static
../Src/Lora.c:135:9:Send_Command	24	static
../Src/Lora.c:160:9:Build_JSON	152	static
../Src/Lora.c:185:9:Send_JSON	24	static
../Src/Lora.c:202:6:Relay_Init	4	static
../Src/Lora.c:221:6:Relay_Pulse	16	static
../Src/Lora.c:232:16:Lora_SendAck	8	static
../Src/Lora.c:238:6:Lora_CheckRelayCommands	32	static
../Src/Lora.c:292:6:Lora_Init	8	static
